[2026-02-01 04:36:37] [32minfo[39m: [32mConnected to the database successfully.[39m
[2026-02-01 04:36:37] [32minfo[39m: [32mServer is running: http://localhost:8081[39m
[2026-02-01 04:36:40] [32minfo[39m: [32mDisconnected from the database successfully.[39m
[2026-02-01 04:36:44] [32minfo[39m: [32mConnected to the database successfully.[39m
[2026-02-01 04:36:44] [32minfo[39m: [32mServer is running: http://localhost:8081[39m
[2026-02-01 04:37:48] [32minfo[39m: [32mConnected to the database successfully.[39m
[2026-02-01 04:37:48] [32minfo[39m: [32mServer is running: http://localhost:8081[39m
[2026-02-01 04:37:50] [32minfo[39m: [32mDisconnected from the database successfully.[39m
[2026-02-01 04:37:53] [32minfo[39m: [32mConnected to the database successfully.[39m
[2026-02-01 04:37:53] [32minfo[39m: [32mServer is running: http://localhost:8081[39m
[2026-02-01 04:39:08] [32minfo[39m: [32mConnected to the database successfully.[39m
[2026-02-01 04:39:08] [32minfo[39m: [32mServer is running: http://localhost:8081[39m
[2026-02-01 04:39:31] [32minfo[39m: [32mDisconnected from the database successfully.[39m
[2026-02-01 04:39:34] [32minfo[39m: [32mConnected to the database successfully.[39m
[2026-02-01 04:39:34] [32minfo[39m: [32mServer is running: http://localhost:8081[39m
[2026-02-01 04:40:13] [31merror[39m: [31mConnected to the database successfully.[39m
[2026-02-01 04:40:13] [32minfo[39m: [32mServer is running: http://localhost:8081[39m
[2026-02-01 04:40:19] [33mwarn[39m: [33mConnected to the database successfully.[39m
[2026-02-01 04:40:19] [32minfo[39m: [32mServer is running: http://localhost:8081[39m
[2026-02-01 04:40:23] [32minfo[39m: [32mConnected to the database successfully.[39m
[2026-02-01 04:40:23] [32minfo[39m: [32mServer is running: http://localhost:8081[39m
[2026-02-01 04:40:27] [32minfo[39m: [32mConnected to the database successfully.[39m
[2026-02-01 04:40:27] [32minfo[39m: [32mServer is running: http://localhost:8081[39m
[2026-02-01 04:41:02] [32minfo[39m: [32mConnected to the database successfully.[39m
[2026-02-01 04:41:02] [32minfo[39m: [32mServer is running: http://localhost:8081[39m
[2026-02-01 04:41:15] [32minfo[39m: [32mDisconnected from the database successfully.[39m
[2026-02-01 04:41:18] [32minfo[39m: [32mConnected to the database successfully.[39m
[2026-02-01 04:41:18] [32minfo[39m: [32mServer is running: http://localhost:8081[39m
[2026-02-01 04:41:31] [32minfo[39m: [32mConnected to the database successfully.[39m
[2026-02-01 04:41:31] [32minfo[39m: [32mServer is running: http://localhost:8081[39m
[2026-02-01 04:42:26] [32minfo[39m: [32mConnected to the database successfully.[39m
[2026-02-01 04:42:26] [32minfo[39m: [32mServer is running: http://localhost:8081[39m
[2026-02-01 04:42:39] [32minfo[39m: [32mConnected to the database successfully.[39m
[2026-02-01 04:42:39] [32minfo[39m: [32mServer is running: http://localhost:8081[39m
[2026-02-01 04:45:01] [32minfo[39m: [32mConnected to the database successfully.[39m
[2026-02-01 04:45:01] [32minfo[39m: [32m✅ Database connected[39m
[2026-02-01 04:45:01] [32minfo[39m: [32m🚀 Tractor CRM fully operational![39m
[2026-02-01 04:45:01] [32minfo[39m: [32m🚜 Server running: http://localhost:8081[39m
[2026-02-01 04:45:03] [32minfo[39m: [32mConnected to the database successfully.[39m
[2026-02-01 04:45:03] [32minfo[39m: [32m✅ Database connected[39m
[2026-02-01 04:45:03] [32minfo[39m: [32m🚀 Tractor CRM fully operational![39m
[2026-02-01 04:45:03] [32minfo[39m: [32m🚜 Server running: http://localhost:8081[39m
[2026-02-01 04:45:11] [32minfo[39m: [32mConnected to the database successfully.[39m
[2026-02-01 04:45:11] [32minfo[39m: [32m🚀 Tractor CRM fully operational![39m
[2026-02-01 04:45:11] [32minfo[39m: [32m🚜 Server running: http://localhost:8081[39m
[2026-02-01 04:45:22] [32minfo[39m: [32mConnected to the database successfully.[39m
[2026-02-01 04:45:22] [32minfo[39m: [32m🚀 Tractor CRM fully operational![39m
[2026-02-01 04:45:22] [32minfo[39m: [32m🚜 Server running: http://localhost:8081[39m
[2026-02-01 04:45:26] [32minfo[39m: [32mConnected to the database successfully.[39m
[2026-02-01 04:45:26] [32minfo[39m: [32m🚜 Server running: http://localhost:8081[39m
[2026-02-01 04:45:31] [32minfo[39m: [32mSIGINT received, shutting down gracefully...[39m
[2026-02-01 04:45:35] [32minfo[39m: [32mConnected to the database successfully.[39m
[2026-02-01 04:45:35] [32minfo[39m: [32m🚜 Server running: http://localhost:8081[39m
[2026-02-01 04:45:38] [32minfo[39m: [32mSIGINT received, shutting down gracefully...[39m
[2026-02-01 04:47:57] [32minfo[39m: [32mConnected to the database successfully.[39m
[2026-02-01 04:47:57] [32minfo[39m: [32m🚜 Server running: http://localhost:8081[39m
[2026-02-01 04:48:00] [32minfo[39m: [32mSIGINT received, shutting down gracefully...[39m
[2026-02-01 04:49:31] [32minfo[39m: [32mConnected to the database successfully.[39m
[2026-02-01 04:49:31] [32minfo[39m: [32m🚜 Server running: http://localhost:8081[39m
[2026-02-01 04:49:54] [32minfo[39m: [32mConnected to the database successfully.[39m
[2026-02-01 04:49:54] [32minfo[39m: [32m🚜 Server running: http://localhost:8081[39m
[2026-02-01 04:50:05] [32minfo[39m: [32mConnected to the database successfully.[39m
[2026-02-01 04:50:05] [32minfo[39m: [32m🚜 Server running: http://localhost:8081[39m
[2026-02-01 04:51:20] [32minfo[39m: [32mConnected to the database successfully.[39m
[2026-02-01 04:51:20] [32minfo[39m: [32m🚜 Server running: http://localhost:8081[39m
[2026-02-01 04:51:23] [32minfo[39m: [32mConnected to the database successfully.[39m
[2026-02-01 04:51:23] [32minfo[39m: [32m🚜 Server running: http://localhost:8081[39m
[2026-02-01 04:51:57] [32minfo[39m: [32mConnected to the database successfully.[39m
[2026-02-01 04:51:57] [32minfo[39m: [32m🚜 Server running: http://localhost:8081[39m
[2026-02-01 04:53:08] [32minfo[39m: [32mConnected to the database successfully.[39m
[2026-02-01 04:53:08] [32minfo[39m: [32m🚜 Server running: http://localhost:8081[39m
[2026-02-01 04:53:18] [32minfo[39m: [32mConnected to the database successfully.[39m
[2026-02-01 04:53:18] [32minfo[39m: [32m🚜 Server running: http://localhost:8081[39m
[2026-02-01 04:53:25] [32minfo[39m: [32mConnected to the database successfully.[39m
[2026-02-01 04:53:25] [32minfo[39m: [32m🚜 Server running: http://localhost:8081[39m
[2026-02-01 04:54:17] [32minfo[39m: [32mConnected to the database successfully.[39m
[2026-02-01 04:54:17] [32minfo[39m: [32m🚜 Server running: http://localhost:8081[39m
[2026-02-01 04:54:26] [32minfo[39m: [32mConnected to the database successfully.[39m
[2026-02-01 04:54:26] [32minfo[39m: [32m🚜 Server running: http://localhost:8081[39m
[2026-02-01 04:54:36] [32minfo[39m: [32mConnected to the database successfully.[39m
[2026-02-01 04:54:36] [32minfo[39m: [32m🚜 Server running: http://localhost:8081[39m
[2026-02-01 04:54:43] [32minfo[39m: [32mConnected to the database successfully.[39m
[2026-02-01 04:54:43] [32minfo[39m: [32m🚜 Server running: http://localhost:8081[39m
[2026-02-01 04:54:49] [32minfo[39m: [32mConnected to the database successfully.[39m
[2026-02-01 04:54:49] [32minfo[39m: [32m🚜 Server running: http://localhost:8081[39m
[2026-02-01 04:56:49] [32minfo[39m: [32mConnected to the database successfully.[39m
[2026-02-01 04:56:49] [32minfo[39m: [32m🚜 Server running: http://localhost:8081[39m
[2026-02-01 04:57:09] [32minfo[39m: [32mConnected to the database successfully.[39m
[2026-02-01 04:57:09] [32minfo[39m: [32m🚜 Server running: http://localhost:8081[39m
[2026-02-01 04:58:04] [32minfo[39m: [32mConnected to the database successfully.[39m
[2026-02-01 04:58:04] [32minfo[39m: [32m🚜 Server running: http://localhost:8081[39m
[2026-02-01 04:59:25] [32minfo[39m: [32mConnected to the database successfully.[39m
[2026-02-01 04:59:25] [32minfo[39m: [32m🚜 Server running: http://localhost:8081[39m
[2026-02-01 05:01:17] [32minfo[39m: [32mConnected to the database successfully.[39m
[2026-02-01 05:01:17] [32minfo[39m: [32m🚜 Server running: http://localhost:8081[39m
[2026-02-01 05:01:20] [32minfo[39m: [32mConnected to the database successfully.[39m
[2026-02-01 05:01:20] [32minfo[39m: [32m🚜 Server running: http://localhost:8081[39m
[2026-02-01 05:01:36] [32minfo[39m: [32mConnected to the database successfully.[39m
[2026-02-01 05:01:36] [32minfo[39m: [32m🚜 Server running: http://localhost:8081[39m
[2026-02-01 05:01:58] [32minfo[39m: [32mConnected to the database successfully.[39m
[2026-02-01 05:01:58] [32minfo[39m: [32m🚜 Server running: http://localhost:8081[39m
[2026-02-01 05:02:50] [32minfo[39m: [32mConnected to the database successfully.[39m
[2026-02-01 05:02:50] [32minfo[39m: [32m🚜 Server running: http://localhost:8081[39m
[2026-02-01 05:03:08] [32minfo[39m: [32mConnected to the database successfully.[39m
[2026-02-01 05:03:08] [32minfo[39m: [32m🚜 Server running: http://localhost:8081[39m
[2026-02-01 05:03:24] [32minfo[39m: [32mConnected to the database successfully.[39m
[2026-02-01 05:03:24] [32minfo[39m: [32m🚜 Server running: http://localhost:8081[39m
[2026-02-01 05:03:55] [32minfo[39m: [32mConnected to the database successfully.[39m
[2026-02-01 05:03:55] [32minfo[39m: [32m🚜 Server running: http://localhost:8081[39m
[2026-02-01 05:10:29] [32minfo[39m: [32mConnected to the database successfully.[39m
[2026-02-01 05:10:29] [32minfo[39m: [32m🚜 Server running: http://localhost:8081[39m
[2026-02-01 05:13:38] [32minfo[39m: [32mConnected to the database successfully.[39m
[2026-02-01 05:13:38] [32minfo[39m: [32m🚜 Server running: http://localhost:8081[39m
[2026-02-01 05:13:42] [32minfo[39m: [32mConnected to the database successfully.[39m
[2026-02-01 05:13:42] [32minfo[39m: [32m🚜 Server running: http://localhost:8081[39m
[2026-02-01 05:17:51] [32minfo[39m: [32mConnected to the database successfully.[39m
[2026-02-01 05:17:51] [32minfo[39m: [32m🚜 Server running: http://localhost:8081[39m
[2026-02-01 05:19:26] [32minfo[39m: [32mConnected to the database successfully.[39m
[2026-02-01 05:19:26] [32minfo[39m: [32m🚜 Server running: http://localhost:8081[39m
[2026-02-01 05:19:35] [32minfo[39m: [32mConnected to the database successfully.[39m
[2026-02-01 05:19:35] [32minfo[39m: [32mServer running: http://localhost:8081[39m
[2026-02-01 05:19:39] [32minfo[39m: [32mConnected to the database successfully.[39m
[2026-02-01 05:19:39] [32minfo[39m: [32mServer running: http://localhost:8081[39m
[2026-02-01 05:20:59] [32minfo[39m: [32mSIGINT received. Shutting down gracefully...[39m
[2026-02-01 05:24:52] [32minfo[39m: [32mConnected to the database successfully.[39m
[2026-02-01 05:24:52] [32minfo[39m: [32mServer running: http://localhost:8081[39m
[2026-02-01 05:25:12] [32minfo[39m: [32mSIGINT received. Shutting down gracefully...[39m
[2026-02-01 05:25:12] [32minfo[39m: [32mSIGINT received. Shutting down gracefully...[39m
[2026-02-01 05:26:07] [32minfo[39m: [32mConnected to the database successfully.[39m
[2026-02-01 05:26:07] [32minfo[39m: [32mServer running: http://localhost:8081[39m
[2026-02-01 05:26:08] [32minfo[39m: [32mDisconnected from the database successfully.[39m
[2026-02-01 05:26:14] [32minfo[39m: [32mSIGINT received. Shutting down gracefully...[39m
[2026-02-01 05:26:17] [32minfo[39m: [32mConnected to the database successfully.[39m
[2026-02-01 05:26:17] [32minfo[39m: [32mServer running: http://localhost:8081[39m
[2026-02-01 05:26:19] [32minfo[39m: [32mSIGINT received. Shutting down gracefully...[39m
[2026-02-01 05:26:29] [32minfo[39m: [32mConnected to the database successfully.[39m
[2026-02-01 05:26:29] [32minfo[39m: [32mServer running: http://localhost:8081[39m
[2026-02-01 05:26:32] [32minfo[39m: [32mSIGINT received. Shutting down gracefully...[39m
[2026-02-01 05:26:37] [32minfo[39m: [32mConnected to the database successfully.[39m
[2026-02-01 05:26:37] [32minfo[39m: [32mServer running: http://localhost:8081[39m
[2026-02-01 05:26:38] [32minfo[39m: [32mSIGINT received. Shutting down gracefully...[39m
[2026-02-01 05:27:20] [32minfo[39m: [32mConnected to the database successfully.[39m
[2026-02-01 05:27:20] [32minfo[39m: [32mServer running: http://localhost:8081[39m
[2026-02-01 05:27:21] [32minfo[39m: [32mSIGINT received. Shutting down gracefully...[39m
[2026-02-01 05:27:27] [32minfo[39m: [32mConnected to the database successfully.[39m
[2026-02-01 05:27:27] [32minfo[39m: [32mServer running: http://localhost:8081[39m
[2026-02-01 05:27:29] [32minfo[39m: [32mSIGINT received. Shutting down gracefully...[39m
[2026-02-01 05:30:59] [32minfo[39m: [32mConnected to the database successfully.[39m
[2026-02-01 05:30:59] [32minfo[39m: [32mServer running: http://localhost:8081[39m
[2026-02-01 05:31:01] [32minfo[39m: [32mSIGINT received. Shutting down gracefully...[39m
[2026-02-01 05:31:04] [32minfo[39m: [32mConnected to the database successfully.[39m
[2026-02-01 05:31:04] [32minfo[39m: [32mServer running: http://localhost:8081[39m
[2026-02-01 05:31:07] [32minfo[39m: [32mSIGINT received. Shutting down gracefully...[39m
[2026-02-01 05:31:10] [32minfo[39m: [32mConnected to the database successfully.[39m
[2026-02-01 05:31:10] [32minfo[39m: [32mServer running: http://localhost:8081[39m
[2026-02-01 05:31:11] [32minfo[39m: [32mSIGINT received. Shutting down gracefully...[39m
[2026-02-01 05:39:50] [32minfo[39m: [32mConnected to the database successfully.[39m
[2026-02-01 05:39:50] [32minfo[39m: [32mServer running: http://localhost:8081[39m
[2026-02-01 05:40:18] [32minfo[39m: [32mSIGINT received. Shutting down gracefully...[39m
[2026-02-01 05:40:20] [32minfo[39m: [32mConnected to the database successfully.[39m
[2026-02-01 05:40:20] [32minfo[39m: [32mServer running: http://localhost:8081[39m
[2026-02-01 05:40:24] [32minfo[39m: [32mSIGINT received. Shutting down gracefully...[39m
